../../../../../../libgo/go/go/doc/testdata/a.0.golden