../../../../../../libgo/go/go/doc/testdata/a.1.golden