../../../../../../libgo/go/go/doc/testdata/a.2.golden