../../../../../../libgo/go/go/doc/testdata/b.0.golden