../../../../../../libgo/go/go/doc/testdata/b.1.golden