../../../../../../libgo/go/go/doc/testdata/b.2.golden