../../../../../../libgo/go/go/doc/testdata/bugpara.2.golden