../../../../../../libgo/go/go/doc/testdata/bugpara.0.golden