../../../../../../libgo/go/go/doc/testdata/bugpara.1.golden