../../../../../../libgo/go/go/doc/testdata/c.1.golden