../../../../../../libgo/go/go/doc/testdata/c.2.golden