../../../../../../libgo/go/go/doc/testdata/d.0.golden