../../../../../../libgo/go/go/doc/testdata/d.1.golden