../../../../../../libgo/go/go/doc/testdata/d.2.golden