../../../../../../libgo/go/go/doc/testdata/e.0.golden