../../../../../../libgo/go/go/doc/testdata/e.1.golden