../../../../../../libgo/go/go/doc/testdata/e.2.golden