../../../../../../libgo/go/go/doc/testdata/error1.0.golden