../../../../../../libgo/go/go/doc/testdata/error2.0.golden