../../../../../../libgo/go/go/doc/testdata/error1.1.golden