../../../../../../libgo/go/go/doc/testdata/error2.2.golden