../../../../../../libgo/go/go/doc/testdata/error2.1.golden