../../../../../../libgo/go/go/doc/testdata/error1.2.golden