../../../../../../libgo/go/go/doc/testdata/f.0.golden