../../../../../../libgo/go/go/doc/testdata/f.1.golden