../../../../../../libgo/go/go/doc/testdata/f.2.golden