../../../../../../libgo/go/go/doc/testdata/testing.2.golden