../../../../../../libgo/go/go/doc/testdata/testing.1.golden