../../../../../../libgo/go/go/doc/testdata/testing.0.golden