../../../../../../gcc/testsuite/go.test/test/ken/cplx0.out