../../../../../../gcc/testsuite/go.test/test/ken/string.out