../../../../../../gcc/testsuite/go.test/test/fixedbugs/bug206.out