../../../../../../gcc/testsuite/go.test/test/fixedbugs/bug328.out