../../../../../../gcc/testsuite/go.test/test/fixedbugs/bug409.out