../../../../../../gcc/testsuite/go.test/test/fixedbugs/issue6899.out