../../../../../../../gcc/testsuite/go.test/test/bench/shootout/fasta-1000.out