../../../../../../libgo/go/go/printer/testdata/comments2.golden