../../../../../../libgo/go/go/printer/testdata/comments.golden