../../../../../../libgo/go/go/printer/testdata/declarations.golden