../../../../../../libgo/go/go/printer/testdata/empty.golden