../../../../../../libgo/go/go/printer/testdata/expressions.golden