../../../../../../libgo/go/go/printer/testdata/linebreaks.golden