../../../../../../libgo/go/go/printer/testdata/slow.golden