../../../../../../libgo/go/go/printer/testdata/statements.golden