../../../../../gcc/testsuite/go.test/test/deferprint.out