../../../../../gcc/testsuite/go.test/test/golden.out