../../../../../gcc/testsuite/go.test/test/goprint.out