../../../../../gcc/testsuite/go.test/test/sigchld.out